Component: ARM Compiler 5.06 update 1 (build 61) Tool: armlink [4d35a8]

==============================================================================

Section Cross References

    main.o(.text) refers to stm32f10x_usart.o(.text) for USART_ClearFlag
    main.o(.text) refers to delay.o(.text) for delay_init
    main.o(.text) refers to sys.o(.text) for NVIC_Configuration
    main.o(.text) refers to led.o(.text) for LED_Init
    main.o(.text) refers to timer.o(.text) for TIM3_Int_Init
    main.o(.text) refers to iwdg.o(.text) for IWDG_Init
    main.o(.text) refers to usart.o(.text) for uart1_init
    main.o(.text) refers to main.o(.data) for i
    main.o(.text) refers to main.o(.bss) for UART2_BUF
    main.o(.text) refers to stm32f10x_tim.o(.text) for TIM_GetITStatus
    system_stm32f10x.o(.text) refers to system_stm32f10x.o(.data) for SystemCoreClock
    led.o(.text) refers to stm32f10x_rcc.o(.text) for RCC_APB2PeriphClockCmd
    led.o(.text) refers to stm32f10x_gpio.o(.text) for GPIO_Init
    timer.o(.text) refers to stm32f10x_rcc.o(.text) for RCC_APB1PeriphClockCmd
    timer.o(.text) refers to stm32f10x_tim.o(.text) for TIM_TimeBaseInit
    timer.o(.text) refers to misc.o(.text) for NVIC_Init
    iwdg.o(.text) refers to stm32f10x_iwdg.o(.text) for IWDG_WriteAccessCmd
    delay.o(.text) refers to misc.o(.text) for SysTick_CLKSourceConfig
    delay.o(.text) refers to system_stm32f10x.o(.data) for SystemCoreClock
    delay.o(.text) refers to delay.o(.data) for fac_us
    sys.o(.text) refers to misc.o(.text) for NVIC_PriorityGroupConfig
    usart.o(.text) refers to stm32f10x_rcc.o(.text) for RCC_APB2PeriphClockCmd
    usart.o(.text) refers to stm32f10x_usart.o(.text) for USART_DeInit
    usart.o(.text) refers to stm32f10x_gpio.o(.text) for GPIO_Init
    usart.o(.text) refers to misc.o(.text) for NVIC_Init
    startup_stm32f10x_md.o(RESET) refers to startup_stm32f10x_md.o(STACK) for __initial_sp
    startup_stm32f10x_md.o(RESET) refers to startup_stm32f10x_md.o(.text) for Reset_Handler
    startup_stm32f10x_md.o(RESET) refers to stm32f10x_it.o(.text) for NMI_Handler
    startup_stm32f10x_md.o(RESET) refers to main.o(.text) for TIM3_IRQHandler
    startup_stm32f10x_md.o(.text) refers to system_stm32f10x.o(.text) for SystemInit
    startup_stm32f10x_md.o(.text) refers to entry.o(.ARM.Collect$$$$00000000) for __main
    stm32f10x_gpio.o(.text) refers to stm32f10x_rcc.o(.text) for RCC_APB2PeriphResetCmd
    stm32f10x_rcc.o(.text) refers to stm32f10x_rcc.o(.data) for APBAHBPrescTable
    stm32f10x_usart.o(.text) refers to stm32f10x_rcc.o(.text) for RCC_APB2PeriphResetCmd
    stm32f10x_tim.o(.text) refers to stm32f10x_rcc.o(.text) for RCC_APB2PeriphResetCmd
    entry.o(.ARM.Collect$$$$00000000) refers (Special) to entry10a.o(.ARM.Collect$$$$0000000D) for __rt_final_cpp
    entry.o(.ARM.Collect$$$$00000000) refers (Special) to entry11a.o(.ARM.Collect$$$$0000000F) for __rt_final_exit
    entry.o(.ARM.Collect$$$$00000000) refers (Special) to entry7b.o(.ARM.Collect$$$$00000008) for _main_clock
    entry.o(.ARM.Collect$$$$00000000) refers (Special) to entry8b.o(.ARM.Collect$$$$0000000A) for _main_cpp_init
    entry.o(.ARM.Collect$$$$00000000) refers (Special) to entry9a.o(.ARM.Collect$$$$0000000B) for _main_init
    entry.o(.ARM.Collect$$$$00000000) refers (Special) to entry5.o(.ARM.Collect$$$$00000004) for _main_scatterload
    entry.o(.ARM.Collect$$$$00000000) refers (Special) to entry2.o(.ARM.Collect$$$$00000001) for _main_stk
    entry2.o(.ARM.Collect$$$$00000001) refers to entry2.o(.ARM.Collect$$$$00002712) for __lit__00000000
    entry2.o(.ARM.Collect$$$$00002712) refers to startup_stm32f10x_md.o(STACK) for __initial_sp
    entry2.o(__vectab_stack_and_reset_area) refers to startup_stm32f10x_md.o(STACK) for __initial_sp
    entry2.o(__vectab_stack_and_reset_area) refers to entry.o(.ARM.Collect$$$$00000000) for __main
    entry5.o(.ARM.Collect$$$$00000004) refers to init.o(.text) for __scatterload
    entry9a.o(.ARM.Collect$$$$0000000B) refers to main.o(.text) for main
    entry9b.o(.ARM.Collect$$$$0000000C) refers to main.o(.text) for main
    init.o(.text) refers to entry5.o(.ARM.Collect$$$$00000004) for __main_after_scatterload


==============================================================================

Removing Unused input sections from the image.

    Removing usart.o(.bss), (200 bytes).
    Removing usart.o(.data), (6 bytes).
    Removing core_cm3.o(.emb_text), (32 bytes).
    Removing startup_stm32f10x_md.o(HEAP), (512 bytes).

4 unused section(s) (total 750 bytes) removed from the image.

==============================================================================

Image Symbol Table

    Local Symbols

    Symbol Name                              Value     Ov Type        Size  Object(Section)

    ../clib/microlib/init/entry.s            0x00000000   Number         0  entry10b.o ABSOLUTE
    ../clib/microlib/init/entry.s            0x00000000   Number         0  entry5.o ABSOLUTE
    ../clib/microlib/init/entry.s            0x00000000   Number         0  entry11b.o ABSOLUTE
    ../clib/microlib/init/entry.s            0x00000000   Number         0  entry11a.o ABSOLUTE
    ../clib/microlib/init/entry.s            0x00000000   Number         0  entry7b.o ABSOLUTE
    ../clib/microlib/init/entry.s            0x00000000   Number         0  entry7a.o ABSOLUTE
    ../clib/microlib/init/entry.s            0x00000000   Number         0  entry10a.o ABSOLUTE
    ../clib/microlib/init/entry.s            0x00000000   Number         0  entry9b.o ABSOLUTE
    ../clib/microlib/init/entry.s            0x00000000   Number         0  entry2.o ABSOLUTE
    ../clib/microlib/init/entry.s            0x00000000   Number         0  entry.o ABSOLUTE
    ../clib/microlib/init/entry.s            0x00000000   Number         0  entry9a.o ABSOLUTE
    ../clib/microlib/init/entry.s            0x00000000   Number         0  entry8b.o ABSOLUTE
    ../clib/microlib/init/entry.s            0x00000000   Number         0  entry8a.o ABSOLUTE
    ../clib/microlib/stubs.s                 0x00000000   Number         0  useno.o ABSOLUTE
    ..\CORE\core_cm3.c                       0x00000000   Number         0  core_cm3.o ABSOLUTE
    ..\CORE\startup_stm32f10x_md.s           0x00000000   Number         0  startup_stm32f10x_md.o ABSOLUTE
    ..\HARDWARE\IWDG\iwdg.c                  0x00000000   Number         0  iwdg.o ABSOLUTE
    ..\HARDWARE\LED\led.c                    0x00000000   Number         0  led.o ABSOLUTE
    ..\HARDWARE\TIMER\timer.c                0x00000000   Number         0  timer.o ABSOLUTE
    ..\STM32F10x_FWLib\src\misc.c            0x00000000   Number         0  misc.o ABSOLUTE
    ..\STM32F10x_FWLib\src\stm32f10x_gpio.c  0x00000000   Number         0  stm32f10x_gpio.o ABSOLUTE
    ..\STM32F10x_FWLib\src\stm32f10x_iwdg.c  0x00000000   Number         0  stm32f10x_iwdg.o ABSOLUTE
    ..\STM32F10x_FWLib\src\stm32f10x_rcc.c   0x00000000   Number         0  stm32f10x_rcc.o ABSOLUTE
    ..\STM32F10x_FWLib\src\stm32f10x_tim.c   0x00000000   Number         0  stm32f10x_tim.o ABSOLUTE
    ..\STM32F10x_FWLib\src\stm32f10x_usart.c 0x00000000   Number         0  stm32f10x_usart.o ABSOLUTE
    ..\SYSTEM\delay\delay.c                  0x00000000   Number         0  delay.o ABSOLUTE
    ..\SYSTEM\sys\sys.c                      0x00000000   Number         0  sys.o ABSOLUTE
    ..\SYSTEM\usart\usart.c                  0x00000000   Number         0  usart.o ABSOLUTE
    ..\\CORE\\core_cm3.c                     0x00000000   Number         0  core_cm3.o ABSOLUTE
    dc.s                                     0x00000000   Number         0  dc.o ABSOLUTE
    handlers.s                               0x00000000   Number         0  handlers.o ABSOLUTE
    init.s                                   0x00000000   Number         0  init.o ABSOLUTE
    main.c                                   0x00000000   Number         0  main.o ABSOLUTE
    stm32f10x_it.c                           0x00000000   Number         0  stm32f10x_it.o ABSOLUTE
    system_stm32f10x.c                       0x00000000   Number         0  system_stm32f10x.o ABSOLUTE
    RESET                                    0x08000000   Section      236  startup_stm32f10x_md.o(RESET)
    .ARM.Collect$$$$00000000                 0x080000ec   Section        0  entry.o(.ARM.Collect$$$$00000000)
    .ARM.Collect$$$$00000001                 0x080000ec   Section        4  entry2.o(.ARM.Collect$$$$00000001)
    .ARM.Collect$$$$00000004                 0x080000f0   Section        4  entry5.o(.ARM.Collect$$$$00000004)
    .ARM.Collect$$$$00000008                 0x080000f4   Section        0  entry7b.o(.ARM.Collect$$$$00000008)
    .ARM.Collect$$$$0000000A                 0x080000f4   Section        0  entry8b.o(.ARM.Collect$$$$0000000A)
    .ARM.Collect$$$$0000000B                 0x080000f4   Section        8  entry9a.o(.ARM.Collect$$$$0000000B)
    .ARM.Collect$$$$0000000D                 0x080000fc   Section        0  entry10a.o(.ARM.Collect$$$$0000000D)
    .ARM.Collect$$$$0000000F                 0x080000fc   Section        0  entry11a.o(.ARM.Collect$$$$0000000F)
    .ARM.Collect$$$$00002712                 0x080000fc   Section        4  entry2.o(.ARM.Collect$$$$00002712)
    __lit__00000000                          0x080000fc   Data           4  entry2.o(.ARM.Collect$$$$00002712)
    .text                                    0x08000100   Section        0  main.o(.text)
    .text                                    0x080005e4   Section        0  stm32f10x_it.o(.text)
    .text                                    0x08000600   Section        0  system_stm32f10x.o(.text)
    SetSysClockTo72                          0x08000601   Thumb Code   214  system_stm32f10x.o(.text)
    SetSysClock                              0x080006d7   Thumb Code     8  system_stm32f10x.o(.text)
    .text                                    0x080007e0   Section        0  led.o(.text)
    .text                                    0x08000818   Section        0  timer.o(.text)
    .text                                    0x08000878   Section        0  iwdg.o(.text)
    .text                                    0x080008a4   Section        0  delay.o(.text)
    .text                                    0x08000978   Section        0  sys.o(.text)
    .text                                    0x08000984   Section        0  usart.o(.text)
    .text                                    0x08000b98   Section       36  startup_stm32f10x_md.o(.text)
    .text                                    0x08000bbc   Section        0  stm32f10x_gpio.o(.text)
    .text                                    0x08000f18   Section        0  stm32f10x_rcc.o(.text)
    .text                                    0x080012bc   Section        0  stm32f10x_usart.o(.text)
    .text                                    0x080016c4   Section        0  misc.o(.text)
    .text                                    0x080017a0   Section        0  stm32f10x_iwdg.o(.text)
    .text                                    0x080017e0   Section        0  stm32f10x_tim.o(.text)
    TI4_Config                               0x08001c87   Thumb Code   130  stm32f10x_tim.o(.text)
    TI3_Config                               0x08001d1b   Thumb Code   122  stm32f10x_tim.o(.text)
    TI2_Config                               0x08001daf   Thumb Code   130  stm32f10x_tim.o(.text)
    TI1_Config                               0x08001e43   Thumb Code   108  stm32f10x_tim.o(.text)
    .text                                    0x080025fc   Section       36  init.o(.text)
    i.__scatterload_copy                     0x08002620   Section       14  handlers.o(i.__scatterload_copy)
    i.__scatterload_null                     0x0800262e   Section        2  handlers.o(i.__scatterload_null)
    i.__scatterload_zeroinit                 0x08002630   Section       14  handlers.o(i.__scatterload_zeroinit)
    .data                                    0x20000000   Section      157  main.o(.data)
    .data                                    0x200000a0   Section       20  system_stm32f10x.o(.data)
    .data                                    0x200000b4   Section        4  delay.o(.data)
    fac_us                                   0x200000b4   Data           1  delay.o(.data)
    fac_ms                                   0x200000b6   Data           2  delay.o(.data)
    .data                                    0x200000b8   Section       20  stm32f10x_rcc.o(.data)
    APBAHBPrescTable                         0x200000b8   Data          16  stm32f10x_rcc.o(.data)
    ADCPrescTable                            0x200000c8   Data           4  stm32f10x_rcc.o(.data)
    .bss                                     0x200000cc   Section       24  main.o(.bss)
    STACK                                    0x200000e8   Section     1024  startup_stm32f10x_md.o(STACK)

    Global Symbols

    Symbol Name                              Value     Ov Type        Size  Object(Section)

    BuildAttributes$$THM_ISAv4$P$D$K$B$S$PE$A:L22UL41UL21$X:L11$S22US41US21$IEEE1$IW$USESV6$~STKCKD$USESV7$~SHL$OSPACE$EBA8$MICROLIB$REQ8$PRES8$EABIv2 0x00000000   Number         0  anon$$obj.o ABSOLUTE
    __ARM_use_no_argv                        0x00000000   Number         0  main.o ABSOLUTE
    __use_no_errno                           0x00000000   Number         0  useno.o ABSOLUTE
    __use_no_exception_handling              0x00000000   Number         0  useno.o ABSOLUTE
    __use_no_fp                              0x00000000   Number         0  useno.o ABSOLUTE
    __use_no_heap                            0x00000000   Number         0  useno.o ABSOLUTE
    __use_no_heap_region                     0x00000000   Number         0  useno.o ABSOLUTE
    __use_no_semihosting                     0x00000000   Number         0  useno.o ABSOLUTE
    __use_no_semihosting_swi                 0x00000000   Number         0  useno.o ABSOLUTE
    __use_no_signal_handling                 0x00000000   Number         0  useno.o ABSOLUTE
    __cpp_initialize__aeabi_                  - Undefined Weak Reference
    __cxa_finalize                            - Undefined Weak Reference
    __decompress                              - Undefined Weak Reference
    _clock_init                               - Undefined Weak Reference
    _microlib_exit                            - Undefined Weak Reference
    __Vectors_Size                           0x000000ec   Number         0  startup_stm32f10x_md.o ABSOLUTE
    __Vectors                                0x08000000   Data           4  startup_stm32f10x_md.o(RESET)
    __Vectors_End                            0x080000ec   Data           0  startup_stm32f10x_md.o(RESET)
    __main                                   0x080000ed   Thumb Code     0  entry.o(.ARM.Collect$$$$00000000)
    _main_stk                                0x080000ed   Thumb Code     0  entry2.o(.ARM.Collect$$$$00000001)
    _main_scatterload                        0x080000f1   Thumb Code     0  entry5.o(.ARM.Collect$$$$00000004)
    __main_after_scatterload                 0x080000f5   Thumb Code     0  entry5.o(.ARM.Collect$$$$00000004)
    _main_clock                              0x080000f5   Thumb Code     0  entry7b.o(.ARM.Collect$$$$00000008)
    _main_cpp_init                           0x080000f5   Thumb Code     0  entry8b.o(.ARM.Collect$$$$0000000A)
    _main_init                               0x080000f5   Thumb Code     0  entry9a.o(.ARM.Collect$$$$0000000B)
    __rt_final_cpp                           0x080000fd   Thumb Code     0  entry10a.o(.ARM.Collect$$$$0000000D)
    __rt_final_exit                          0x080000fd   Thumb Code     0  entry11a.o(.ARM.Collect$$$$0000000F)
    Buff_Clear                               0x08000101   Thumb Code    40  main.o(.text)
    calc_crc16                               0x08000129   Thumb Code    60  main.o(.text)
    Modbus_analys                            0x08000165   Thumb Code   610  main.o(.text)
    Modbus_ask                               0x080003c7   Thumb Code    66  main.o(.text)
    main                                     0x08000409   Thumb Code   332  main.o(.text)
    USART2_IRQHandler                        0x08000555   Thumb Code    60  main.o(.text)
    TIM3_IRQHandler                          0x08000591   Thumb Code    50  main.o(.text)
    NMI_Handler                              0x080005e5   Thumb Code     2  stm32f10x_it.o(.text)
    HardFault_Handler                        0x080005e7   Thumb Code     4  stm32f10x_it.o(.text)
    MemManage_Handler                        0x080005eb   Thumb Code     4  stm32f10x_it.o(.text)
    BusFault_Handler                         0x080005ef   Thumb Code     4  stm32f10x_it.o(.text)
    UsageFault_Handler                       0x080005f3   Thumb Code     4  stm32f10x_it.o(.text)
    SVC_Handler                              0x080005f7   Thumb Code     2  stm32f10x_it.o(.text)
    DebugMon_Handler                         0x080005f9   Thumb Code     2  stm32f10x_it.o(.text)
    PendSV_Handler                           0x080005fb   Thumb Code     2  stm32f10x_it.o(.text)
    SysTick_Handler                          0x080005fd   Thumb Code     2  stm32f10x_it.o(.text)
    SystemInit                               0x080006df   Thumb Code    78  system_stm32f10x.o(.text)
    SystemCoreClockUpdate                    0x0800072d   Thumb Code   142  system_stm32f10x.o(.text)
    LED_Init                                 0x080007e1   Thumb Code    50  led.o(.text)
    TIM3_Int_Init                            0x08000819   Thumb Code    90  timer.o(.text)
    IWDG_Init                                0x08000879   Thumb Code    36  iwdg.o(.text)
    IWDG_Feed                                0x0800089d   Thumb Code     8  iwdg.o(.text)
    delay_init                               0x080008a5   Thumb Code    50  delay.o(.text)
    delay_us                                 0x080008d7   Thumb Code    72  delay.o(.text)
    delay_ms                                 0x0800091f   Thumb Code    72  delay.o(.text)
    NVIC_Configuration                       0x08000979   Thumb Code    12  sys.o(.text)
    _sys_exit                                0x08000985   Thumb Code     6  usart.o(.text)
    fputc                                    0x0800098b   Thumb Code    24  usart.o(.text)
    uart1_init                               0x080009a3   Thumb Code   158  usart.o(.text)
    uart2_init                               0x08000a41   Thumb Code   160  usart.o(.text)
    uart3_init                               0x08000ae1   Thumb Code   164  usart.o(.text)
    Reset_Handler                            0x08000b99   Thumb Code     8  startup_stm32f10x_md.o(.text)
    ADC1_2_IRQHandler                        0x08000bb3   Thumb Code     0  startup_stm32f10x_md.o(.text)
    CAN1_RX1_IRQHandler                      0x08000bb3   Thumb Code     0  startup_stm32f10x_md.o(.text)
    CAN1_SCE_IRQHandler                      0x08000bb3   Thumb Code     0  startup_stm32f10x_md.o(.text)
    DMA1_Channel1_IRQHandler                 0x08000bb3   Thumb Code     0  startup_stm32f10x_md.o(.text)
    DMA1_Channel2_IRQHandler                 0x08000bb3   Thumb Code     0  startup_stm32f10x_md.o(.text)
    DMA1_Channel3_IRQHandler                 0x08000bb3   Thumb Code     0  startup_stm32f10x_md.o(.text)
    DMA1_Channel4_IRQHandler                 0x08000bb3   Thumb Code     0  startup_stm32f10x_md.o(.text)
    DMA1_Channel5_IRQHandler                 0x08000bb3   Thumb Code     0  startup_stm32f10x_md.o(.text)
    DMA1_Channel6_IRQHandler                 0x08000bb3   Thumb Code     0  startup_stm32f10x_md.o(.text)
    DMA1_Channel7_IRQHandler                 0x08000bb3   Thumb Code     0  startup_stm32f10x_md.o(.text)
    EXTI0_IRQHandler                         0x08000bb3   Thumb Code     0  startup_stm32f10x_md.o(.text)
    EXTI15_10_IRQHandler                     0x08000bb3   Thumb Code     0  startup_stm32f10x_md.o(.text)
    EXTI1_IRQHandler                         0x08000bb3   Thumb Code     0  startup_stm32f10x_md.o(.text)
    EXTI2_IRQHandler                         0x08000bb3   Thumb Code     0  startup_stm32f10x_md.o(.text)
    EXTI3_IRQHandler                         0x08000bb3   Thumb Code     0  startup_stm32f10x_md.o(.text)
    EXTI4_IRQHandler                         0x08000bb3   Thumb Code     0  startup_stm32f10x_md.o(.text)
    EXTI9_5_IRQHandler                       0x08000bb3   Thumb Code     0  startup_stm32f10x_md.o(.text)
    FLASH_IRQHandler                         0x08000bb3   Thumb Code     0  startup_stm32f10x_md.o(.text)
    I2C1_ER_IRQHandler                       0x08000bb3   Thumb Code     0  startup_stm32f10x_md.o(.text)
    I2C1_EV_IRQHandler                       0x08000bb3   Thumb Code     0  startup_stm32f10x_md.o(.text)
    I2C2_ER_IRQHandler                       0x08000bb3   Thumb Code     0  startup_stm32f10x_md.o(.text)
    I2C2_EV_IRQHandler                       0x08000bb3   Thumb Code     0  startup_stm32f10x_md.o(.text)
    PVD_IRQHandler                           0x08000bb3   Thumb Code     0  startup_stm32f10x_md.o(.text)
    RCC_IRQHandler                           0x08000bb3   Thumb Code     0  startup_stm32f10x_md.o(.text)
    RTCAlarm_IRQHandler                      0x08000bb3   Thumb Code     0  startup_stm32f10x_md.o(.text)
    RTC_IRQHandler                           0x08000bb3   Thumb Code     0  startup_stm32f10x_md.o(.text)
    SPI1_IRQHandler                          0x08000bb3   Thumb Code     0  startup_stm32f10x_md.o(.text)
    SPI2_IRQHandler                          0x08000bb3   Thumb Code     0  startup_stm32f10x_md.o(.text)
    TAMPER_IRQHandler                        0x08000bb3   Thumb Code     0  startup_stm32f10x_md.o(.text)
    TIM1_BRK_IRQHandler                      0x08000bb3   Thumb Code     0  startup_stm32f10x_md.o(.text)
    TIM1_CC_IRQHandler                       0x08000bb3   Thumb Code     0  startup_stm32f10x_md.o(.text)
    TIM1_TRG_COM_IRQHandler                  0x08000bb3   Thumb Code     0  startup_stm32f10x_md.o(.text)
    TIM1_UP_IRQHandler                       0x08000bb3   Thumb Code     0  startup_stm32f10x_md.o(.text)
    TIM2_IRQHandler                          0x08000bb3   Thumb Code     0  startup_stm32f10x_md.o(.text)
    TIM4_IRQHandler                          0x08000bb3   Thumb Code     0  startup_stm32f10x_md.o(.text)
    USART1_IRQHandler                        0x08000bb3   Thumb Code     0  startup_stm32f10x_md.o(.text)
    USART3_IRQHandler                        0x08000bb3   Thumb Code     0  startup_stm32f10x_md.o(.text)
    USBWakeUp_IRQHandler                     0x08000bb3   Thumb Code     0  startup_stm32f10x_md.o(.text)
    USB_HP_CAN1_TX_IRQHandler                0x08000bb3   Thumb Code     0  startup_stm32f10x_md.o(.text)
    USB_LP_CAN1_RX0_IRQHandler               0x08000bb3   Thumb Code     0  startup_stm32f10x_md.o(.text)
    WWDG_IRQHandler                          0x08000bb3   Thumb Code     0  startup_stm32f10x_md.o(.text)
    GPIO_DeInit                              0x08000bbd   Thumb Code   172  stm32f10x_gpio.o(.text)
    GPIO_AFIODeInit                          0x08000c69   Thumb Code    20  stm32f10x_gpio.o(.text)
    GPIO_Init                                0x08000c7d   Thumb Code   278  stm32f10x_gpio.o(.text)
    GPIO_StructInit                          0x08000d93   Thumb Code    16  stm32f10x_gpio.o(.text)
    GPIO_ReadInputDataBit                    0x08000da3   Thumb Code    18  stm32f10x_gpio.o(.text)
    GPIO_ReadInputData                       0x08000db5   Thumb Code     8  stm32f10x_gpio.o(.text)
    GPIO_ReadOutputDataBit                   0x08000dbd   Thumb Code    18  stm32f10x_gpio.o(.text)
    GPIO_ReadOutputData                      0x08000dcf   Thumb Code     8  stm32f10x_gpio.o(.text)
    GPIO_SetBits                             0x08000dd7   Thumb Code     4  stm32f10x_gpio.o(.text)
    GPIO_ResetBits                           0x08000ddb   Thumb Code     4  stm32f10x_gpio.o(.text)
    GPIO_WriteBit                            0x08000ddf   Thumb Code    10  stm32f10x_gpio.o(.text)
    GPIO_Write                               0x08000de9   Thumb Code     4  stm32f10x_gpio.o(.text)
    GPIO_PinLockConfig                       0x08000ded   Thumb Code    18  stm32f10x_gpio.o(.text)
    GPIO_EventOutputConfig                   0x08000dff   Thumb Code    26  stm32f10x_gpio.o(.text)
    GPIO_EventOutputCmd                      0x08000e19   Thumb Code     6  stm32f10x_gpio.o(.text)
    GPIO_PinRemapConfig                      0x08000e1f   Thumb Code   138  stm32f10x_gpio.o(.text)
    GPIO_EXTILineConfig                      0x08000ea9   Thumb Code    66  stm32f10x_gpio.o(.text)
    GPIO_ETH_MediaInterfaceConfig            0x08000eeb   Thumb Code     8  stm32f10x_gpio.o(.text)
    RCC_DeInit                               0x08000f19   Thumb Code    64  stm32f10x_rcc.o(.text)
    RCC_HSEConfig                            0x08000f59   Thumb Code    70  stm32f10x_rcc.o(.text)
    RCC_GetFlagStatus                        0x08000f9f   Thumb Code    56  stm32f10x_rcc.o(.text)
    RCC_WaitForHSEStartUp                    0x08000fd7   Thumb Code    56  stm32f10x_rcc.o(.text)
    RCC_AdjustHSICalibrationValue            0x0800100f   Thumb Code    20  stm32f10x_rcc.o(.text)
    RCC_HSICmd                               0x08001023   Thumb Code     6  stm32f10x_rcc.o(.text)
    RCC_PLLConfig                            0x08001029   Thumb Code    24  stm32f10x_rcc.o(.text)
    RCC_PLLCmd                               0x08001041   Thumb Code     6  stm32f10x_rcc.o(.text)
    RCC_SYSCLKConfig                         0x08001047   Thumb Code    18  stm32f10x_rcc.o(.text)
    RCC_GetSYSCLKSource                      0x08001059   Thumb Code    10  stm32f10x_rcc.o(.text)
    RCC_HCLKConfig                           0x08001063   Thumb Code    18  stm32f10x_rcc.o(.text)
    RCC_PCLK1Config                          0x08001075   Thumb Code    18  stm32f10x_rcc.o(.text)
    RCC_PCLK2Config                          0x08001087   Thumb Code    20  stm32f10x_rcc.o(.text)
    RCC_ITConfig                             0x0800109b   Thumb Code    26  stm32f10x_rcc.o(.text)
    RCC_USBCLKConfig                         0x080010b5   Thumb Code     8  stm32f10x_rcc.o(.text)
    RCC_ADCCLKConfig                         0x080010bd   Thumb Code    18  stm32f10x_rcc.o(.text)
    RCC_LSEConfig                            0x080010cf   Thumb Code    50  stm32f10x_rcc.o(.text)
    RCC_LSICmd                               0x08001101   Thumb Code     6  stm32f10x_rcc.o(.text)
    RCC_RTCCLKConfig                         0x08001107   Thumb Code    12  stm32f10x_rcc.o(.text)
    RCC_RTCCLKCmd                            0x08001113   Thumb Code     8  stm32f10x_rcc.o(.text)
    RCC_GetClocksFreq                        0x0800111b   Thumb Code   192  stm32f10x_rcc.o(.text)
    RCC_AHBPeriphClockCmd                    0x080011db   Thumb Code    26  stm32f10x_rcc.o(.text)
    RCC_APB2PeriphClockCmd                   0x080011f5   Thumb Code    26  stm32f10x_rcc.o(.text)
    RCC_APB1PeriphClockCmd                   0x0800120f   Thumb Code    26  stm32f10x_rcc.o(.text)
    RCC_APB2PeriphResetCmd                   0x08001229   Thumb Code    26  stm32f10x_rcc.o(.text)
    RCC_APB1PeriphResetCmd                   0x08001243   Thumb Code    26  stm32f10x_rcc.o(.text)
    RCC_BackupResetCmd                       0x0800125d   Thumb Code     8  stm32f10x_rcc.o(.text)
    RCC_ClockSecuritySystemCmd               0x08001265   Thumb Code     6  stm32f10x_rcc.o(.text)
    RCC_MCOConfig                            0x0800126b   Thumb Code     6  stm32f10x_rcc.o(.text)
    RCC_ClearFlag                            0x08001271   Thumb Code    14  stm32f10x_rcc.o(.text)
    RCC_GetITStatus                          0x0800127f   Thumb Code    20  stm32f10x_rcc.o(.text)
    RCC_ClearITPendingBit                    0x08001293   Thumb Code     6  stm32f10x_rcc.o(.text)
    USART_DeInit                             0x080012bd   Thumb Code   134  stm32f10x_usart.o(.text)
    USART_Init                               0x08001343   Thumb Code   210  stm32f10x_usart.o(.text)
    USART_StructInit                         0x08001415   Thumb Code    24  stm32f10x_usart.o(.text)
    USART_ClockInit                          0x0800142d   Thumb Code    34  stm32f10x_usart.o(.text)
    USART_ClockStructInit                    0x0800144f   Thumb Code    12  stm32f10x_usart.o(.text)
    USART_Cmd                                0x0800145b   Thumb Code    24  stm32f10x_usart.o(.text)
    USART_ITConfig                           0x08001473   Thumb Code    74  stm32f10x_usart.o(.text)
    USART_DMACmd                             0x080014bd   Thumb Code    18  stm32f10x_usart.o(.text)
    USART_SetAddress                         0x080014cf   Thumb Code    18  stm32f10x_usart.o(.text)
    USART_WakeUpConfig                       0x080014e1   Thumb Code    18  stm32f10x_usart.o(.text)
    USART_ReceiverWakeUpCmd                  0x080014f3   Thumb Code    24  stm32f10x_usart.o(.text)
    USART_LINBreakDetectLengthConfig         0x0800150b   Thumb Code    18  stm32f10x_usart.o(.text)
    USART_LINCmd                             0x0800151d   Thumb Code    24  stm32f10x_usart.o(.text)
    USART_SendData                           0x08001535   Thumb Code     8  stm32f10x_usart.o(.text)
    USART_ReceiveData                        0x0800153d   Thumb Code    10  stm32f10x_usart.o(.text)
    USART_SendBreak                          0x08001547   Thumb Code    10  stm32f10x_usart.o(.text)
    USART_SetGuardTime                       0x08001551   Thumb Code    16  stm32f10x_usart.o(.text)
    USART_SetPrescaler                       0x08001561   Thumb Code    16  stm32f10x_usart.o(.text)
    USART_SmartCardCmd                       0x08001571   Thumb Code    24  stm32f10x_usart.o(.text)
    USART_SmartCardNACKCmd                   0x08001589   Thumb Code    24  stm32f10x_usart.o(.text)
    USART_HalfDuplexCmd                      0x080015a1   Thumb Code    24  stm32f10x_usart.o(.text)
    USART_OverSampling8Cmd                   0x080015b9   Thumb Code    22  stm32f10x_usart.o(.text)
    USART_OneBitMethodCmd                    0x080015cf   Thumb Code    24  stm32f10x_usart.o(.text)
    USART_IrDAConfig                         0x080015e7   Thumb Code    18  stm32f10x_usart.o(.text)
    USART_IrDACmd                            0x080015f9   Thumb Code    24  stm32f10x_usart.o(.text)
    USART_GetFlagStatus                      0x08001611   Thumb Code    26  stm32f10x_usart.o(.text)
    USART_ClearFlag                          0x0800162b   Thumb Code    18  stm32f10x_usart.o(.text)
    USART_GetITStatus                        0x0800163d   Thumb Code    84  stm32f10x_usart.o(.text)
    USART_ClearITPendingBit                  0x08001691   Thumb Code    52  stm32f10x_usart.o(.text)
    NVIC_PriorityGroupConfig                 0x080016c5   Thumb Code    10  misc.o(.text)
    NVIC_Init                                0x080016cf   Thumb Code   100  misc.o(.text)
    NVIC_SetVectorTable                      0x08001733   Thumb Code    14  misc.o(.text)
    NVIC_SystemLPConfig                      0x08001741   Thumb Code    34  misc.o(.text)
    SysTick_CLKSourceConfig                  0x08001763   Thumb Code    40  misc.o(.text)
    IWDG_WriteAccessCmd                      0x080017a1   Thumb Code     6  stm32f10x_iwdg.o(.text)
    IWDG_SetPrescaler                        0x080017a7   Thumb Code     6  stm32f10x_iwdg.o(.text)
    IWDG_SetReload                           0x080017ad   Thumb Code     6  stm32f10x_iwdg.o(.text)
    IWDG_ReloadCounter                       0x080017b3   Thumb Code    10  stm32f10x_iwdg.o(.text)
    IWDG_Enable                              0x080017bd   Thumb Code    10  stm32f10x_iwdg.o(.text)
    IWDG_GetFlagStatus                       0x080017c7   Thumb Code    20  stm32f10x_iwdg.o(.text)
    TIM_DeInit                               0x080017e1   Thumb Code   424  stm32f10x_tim.o(.text)
    TIM_TimeBaseInit                         0x08001989   Thumb Code   122  stm32f10x_tim.o(.text)
    TIM_OC1Init                              0x08001a03   Thumb Code   132  stm32f10x_tim.o(.text)
    TIM_OC2Init                              0x08001a87   Thumb Code   154  stm32f10x_tim.o(.text)
    TIM_OC3Init                              0x08001b21   Thumb Code   150  stm32f10x_tim.o(.text)
    TIM_OC4Init                              0x08001bb7   Thumb Code   182  stm32f10x_tim.o(.text)
    TIM_SetIC4Prescaler                      0x08001c6d   Thumb Code    26  stm32f10x_tim.o(.text)
    TIM_SetIC3Prescaler                      0x08001d09   Thumb Code    18  stm32f10x_tim.o(.text)
    TIM_SetIC2Prescaler                      0x08001d95   Thumb Code    26  stm32f10x_tim.o(.text)
    TIM_SetIC1Prescaler                      0x08001e31   Thumb Code    18  stm32f10x_tim.o(.text)
    TIM_ICInit                               0x08001eaf   Thumb Code   150  stm32f10x_tim.o(.text)
    TIM_PWMIConfig                           0x08001f45   Thumb Code   124  stm32f10x_tim.o(.text)
    TIM_BDTRConfig                           0x08001fc1   Thumb Code    32  stm32f10x_tim.o(.text)
    TIM_TimeBaseStructInit                   0x08001fe1   Thumb Code    18  stm32f10x_tim.o(.text)
    TIM_OCStructInit                         0x08001ff3   Thumb Code    20  stm32f10x_tim.o(.text)
    TIM_ICStructInit                         0x08002007   Thumb Code    18  stm32f10x_tim.o(.text)
    TIM_BDTRStructInit                       0x08002019   Thumb Code    40  stm32f10x_tim.o(.text)
    TIM_Cmd                                  0x08002041   Thumb Code    24  stm32f10x_tim.o(.text)
    TIM_CtrlPWMOutputs                       0x08002059   Thumb Code    30  stm32f10x_tim.o(.text)
    TIM_ITConfig                             0x08002077   Thumb Code    18  stm32f10x_tim.o(.text)
    TIM_GenerateEvent                        0x08002089   Thumb Code     4  stm32f10x_tim.o(.text)
    TIM_DMAConfig                            0x0800208d   Thumb Code    10  stm32f10x_tim.o(.text)
    TIM_DMACmd                               0x08002097   Thumb Code    18  stm32f10x_tim.o(.text)
    TIM_InternalClockConfig                  0x080020a9   Thumb Code    12  stm32f10x_tim.o(.text)
    TIM_SelectInputTrigger                   0x080020b5   Thumb Code    18  stm32f10x_tim.o(.text)
    TIM_ITRxExternalClockConfig              0x080020c7   Thumb Code    24  stm32f10x_tim.o(.text)
    TIM_TIxExternalClockConfig               0x080020df   Thumb Code    62  stm32f10x_tim.o(.text)
    TIM_ETRConfig                            0x0800211d   Thumb Code    28  stm32f10x_tim.o(.text)
    TIM_ETRClockMode1Config                  0x08002139   Thumb Code    54  stm32f10x_tim.o(.text)
    TIM_ETRClockMode2Config                  0x0800216f   Thumb Code    32  stm32f10x_tim.o(.text)
    TIM_PrescalerConfig                      0x0800218f   Thumb Code     6  stm32f10x_tim.o(.text)
    TIM_CounterModeConfig                    0x08002195   Thumb Code    18  stm32f10x_tim.o(.text)
    TIM_EncoderInterfaceConfig               0x080021a7   Thumb Code    66  stm32f10x_tim.o(.text)
    TIM_ForcedOC1Config                      0x080021e9   Thumb Code    18  stm32f10x_tim.o(.text)
    TIM_ForcedOC2Config                      0x080021fb   Thumb Code    26  stm32f10x_tim.o(.text)
    TIM_ForcedOC3Config                      0x08002215   Thumb Code    18  stm32f10x_tim.o(.text)
    TIM_ForcedOC4Config                      0x08002227   Thumb Code    26  stm32f10x_tim.o(.text)
    TIM_ARRPreloadConfig                     0x08002241   Thumb Code    24  stm32f10x_tim.o(.text)
    TIM_SelectCOM                            0x08002259   Thumb Code    24  stm32f10x_tim.o(.text)
    TIM_SelectCCDMA                          0x08002271   Thumb Code    24  stm32f10x_tim.o(.text)
    TIM_CCPreloadControl                     0x08002289   Thumb Code    24  stm32f10x_tim.o(.text)
    TIM_OC1PreloadConfig                     0x080022a1   Thumb Code    18  stm32f10x_tim.o(.text)
    TIM_OC2PreloadConfig                     0x080022b3   Thumb Code    26  stm32f10x_tim.o(.text)
    TIM_OC3PreloadConfig                     0x080022cd   Thumb Code    18  stm32f10x_tim.o(.text)
    TIM_OC4PreloadConfig                     0x080022df   Thumb Code    26  stm32f10x_tim.o(.text)
    TIM_OC1FastConfig                        0x080022f9   Thumb Code    18  stm32f10x_tim.o(.text)
    TIM_OC2FastConfig                        0x0800230b   Thumb Code    26  stm32f10x_tim.o(.text)
    TIM_OC3FastConfig                        0x08002325   Thumb Code    18  stm32f10x_tim.o(.text)
    TIM_OC4FastConfig                        0x08002337   Thumb Code    26  stm32f10x_tim.o(.text)
    TIM_ClearOC1Ref                          0x08002351   Thumb Code    18  stm32f10x_tim.o(.text)
    TIM_ClearOC2Ref                          0x08002363   Thumb Code    24  stm32f10x_tim.o(.text)
    TIM_ClearOC3Ref                          0x0800237b   Thumb Code    18  stm32f10x_tim.o(.text)
    TIM_ClearOC4Ref                          0x0800238d   Thumb Code    24  stm32f10x_tim.o(.text)
    TIM_OC1PolarityConfig                    0x080023a5   Thumb Code    18  stm32f10x_tim.o(.text)
    TIM_OC1NPolarityConfig                   0x080023b7   Thumb Code    18  stm32f10x_tim.o(.text)
    TIM_OC2PolarityConfig                    0x080023c9   Thumb Code    26  stm32f10x_tim.o(.text)
    TIM_OC2NPolarityConfig                   0x080023e3   Thumb Code    26  stm32f10x_tim.o(.text)
    TIM_OC3PolarityConfig                    0x080023fd   Thumb Code    26  stm32f10x_tim.o(.text)
    TIM_OC3NPolarityConfig                   0x08002417   Thumb Code    26  stm32f10x_tim.o(.text)
    TIM_OC4PolarityConfig                    0x08002431   Thumb Code    26  stm32f10x_tim.o(.text)
    TIM_CCxCmd                               0x0800244b   Thumb Code    30  stm32f10x_tim.o(.text)
    TIM_CCxNCmd                              0x08002469   Thumb Code    30  stm32f10x_tim.o(.text)
    TIM_SelectOCxM                           0x08002487   Thumb Code    82  stm32f10x_tim.o(.text)
    TIM_UpdateDisableConfig                  0x080024d9   Thumb Code    24  stm32f10x_tim.o(.text)
    TIM_UpdateRequestConfig                  0x080024f1   Thumb Code    24  stm32f10x_tim.o(.text)
    TIM_SelectHallSensor                     0x08002509   Thumb Code    24  stm32f10x_tim.o(.text)
    TIM_SelectOnePulseMode                   0x08002521   Thumb Code    18  stm32f10x_tim.o(.text)
    TIM_SelectOutputTrigger                  0x08002533   Thumb Code    18  stm32f10x_tim.o(.text)
    TIM_SelectSlaveMode                      0x08002545   Thumb Code    18  stm32f10x_tim.o(.text)
    TIM_SelectMasterSlaveMode                0x08002557   Thumb Code    18  stm32f10x_tim.o(.text)
    TIM_SetCounter                           0x08002569   Thumb Code     4  stm32f10x_tim.o(.text)
    TIM_SetAutoreload                        0x0800256d   Thumb Code     4  stm32f10x_tim.o(.text)
    TIM_SetCompare1                          0x08002571   Thumb Code     4  stm32f10x_tim.o(.text)
    TIM_SetCompare2                          0x08002575   Thumb Code     4  stm32f10x_tim.o(.text)
    TIM_SetCompare3                          0x08002579   Thumb Code     4  stm32f10x_tim.o(.text)
    TIM_SetCompare4                          0x0800257d   Thumb Code     6  stm32f10x_tim.o(.text)
    TIM_SetClockDivision                     0x08002583   Thumb Code    18  stm32f10x_tim.o(.text)
    TIM_GetCapture1                          0x08002595   Thumb Code     6  stm32f10x_tim.o(.text)
    TIM_GetCapture2                          0x0800259b   Thumb Code     6  stm32f10x_tim.o(.text)
    TIM_GetCapture3                          0x080025a1   Thumb Code     6  stm32f10x_tim.o(.text)
    TIM_GetCapture4                          0x080025a7   Thumb Code     8  stm32f10x_tim.o(.text)
    TIM_GetCounter                           0x080025af   Thumb Code     6  stm32f10x_tim.o(.text)
    TIM_GetPrescaler                         0x080025b5   Thumb Code     6  stm32f10x_tim.o(.text)
    TIM_GetFlagStatus                        0x080025bb   Thumb Code    18  stm32f10x_tim.o(.text)
    TIM_ClearFlag                            0x080025cd   Thumb Code     6  stm32f10x_tim.o(.text)
    TIM_GetITStatus                          0x080025d3   Thumb Code    34  stm32f10x_tim.o(.text)
    TIM_ClearITPendingBit                    0x080025f5   Thumb Code     6  stm32f10x_tim.o(.text)
    __scatterload                            0x080025fd   Thumb Code    28  init.o(.text)
    __scatterload_rt2                        0x080025fd   Thumb Code     0  init.o(.text)
    __scatterload_copy                       0x08002621   Thumb Code    14  handlers.o(i.__scatterload_copy)
    __scatterload_null                       0x0800262f   Thumb Code     2  handlers.o(i.__scatterload_null)
    __scatterload_zeroinit                   0x08002631   Thumb Code    14  handlers.o(i.__scatterload_zeroinit)
    Region$$Table$$Base                      0x08002640   Number         0  anon$$obj.o(Region$$Table)
    Region$$Table$$Limit                     0x08002660   Number         0  anon$$obj.o(Region$$Table)
    UART2_Con                                0x20000000   Data           4  main.o(.data)
    Data_send_LED                            0x20000004   Data         100  main.o(.data)
    Temp_Sensor_Send                         0x20000068   Data           8  main.o(.data)
    Light_Sensor_Send                        0x20000070   Data           8  main.o(.data)
    Co2_Sensor_Send                          0x20000078   Data           8  main.o(.data)
    Soil_Sensor_Send                         0x20000080   Data           8  main.o(.data)
    RX_Status                                0x20000088   Data           1  main.o(.data)
    Tx_Count                                 0x20000089   Data           1  main.o(.data)
    Air_Temp_Value                           0x2000008a   Data           2  main.o(.data)
    Air_Hum_Value                            0x2000008c   Data           2  main.o(.data)
    Light_Value                              0x20000090   Data           4  main.o(.data)
    Co2_Value                                0x20000094   Data           2  main.o(.data)
    Soil_Temp_Value                          0x20000096   Data           2  main.o(.data)
    Soil_Hum_Value                           0x20000098   Data           2  main.o(.data)
    send_count                               0x2000009a   Data           1  main.o(.data)
    i                                        0x2000009b   Data           1  main.o(.data)
    led                                      0x2000009c   Data           1  main.o(.data)
    SystemCoreClock                          0x200000a0   Data           4  system_stm32f10x.o(.data)
    AHBPrescTable                            0x200000a4   Data          16  system_stm32f10x.o(.data)
    UART2_BUF                                0x200000cc   Data          24  main.o(.bss)
    __initial_sp                             0x200004e8   Data           0  startup_stm32f10x_md.o(STACK)



==============================================================================

Memory Map of the image

  Image Entry point : 0x080000ed

  Load Region LR_IROM1 (Base: 0x08000000, Size: 0x0000272c, Max: 0x00010000, ABSOLUTE)

    Execution Region ER_IROM1 (Base: 0x08000000, Size: 0x00002660, Max: 0x00010000, ABSOLUTE)

    Base Addr    Size         Type   Attr      Idx    E Section Name        Object

    0x08000000   0x000000ec   Data   RO          225    RESET               startup_stm32f10x_md.o
    0x080000ec   0x00000000   Code   RO          304  * .ARM.Collect$$$$00000000  mc_w.l(entry.o)
    0x080000ec   0x00000004   Code   RO          307    .ARM.Collect$$$$00000001  mc_w.l(entry2.o)
    0x080000f0   0x00000004   Code   RO          310    .ARM.Collect$$$$00000004  mc_w.l(entry5.o)
    0x080000f4   0x00000000   Code   RO          312    .ARM.Collect$$$$00000008  mc_w.l(entry7b.o)
    0x080000f4   0x00000000   Code   RO          314    .ARM.Collect$$$$0000000A  mc_w.l(entry8b.o)
    0x080000f4   0x00000008   Code   RO          315    .ARM.Collect$$$$0000000B  mc_w.l(entry9a.o)
    0x080000fc   0x00000000   Code   RO          317    .ARM.Collect$$$$0000000D  mc_w.l(entry10a.o)
    0x080000fc   0x00000000   Code   RO          319    .ARM.Collect$$$$0000000F  mc_w.l(entry11a.o)
    0x080000fc   0x00000004   Code   RO          308    .ARM.Collect$$$$00002712  mc_w.l(entry2.o)
    0x08000100   0x000004e4   Code   RO            1    .text               main.o
    0x080005e4   0x0000001a   Code   RO           77    .text               stm32f10x_it.o
    0x080005fe   0x00000002   PAD
    0x08000600   0x000001e0   Code   RO          109    .text               system_stm32f10x.o
    0x080007e0   0x00000038   Code   RO          127    .text               led.o
    0x08000818   0x00000060   Code   RO          139    .text               timer.o
    0x08000878   0x0000002c   Code   RO          151    .text               iwdg.o
    0x080008a4   0x000000d4   Code   RO          163    .text               delay.o
    0x08000978   0x0000000c   Code   RO          177    .text               sys.o
    0x08000984   0x00000214   Code   RO          189    .text               usart.o
    0x08000b98   0x00000024   Code   RO          226    .text               startup_stm32f10x_md.o
    0x08000bbc   0x0000035c   Code   RO          230    .text               stm32f10x_gpio.o
    0x08000f18   0x000003a4   Code   RO          242    .text               stm32f10x_rcc.o
    0x080012bc   0x00000408   Code   RO          256    .text               stm32f10x_usart.o
    0x080016c4   0x000000dc   Code   RO          268    .text               misc.o
    0x080017a0   0x00000040   Code   RO          280    .text               stm32f10x_iwdg.o
    0x080017e0   0x00000e1a   Code   RO          292    .text               stm32f10x_tim.o
    0x080025fa   0x00000002   PAD
    0x080025fc   0x00000024   Code   RO          321    .text               mc_w.l(init.o)
    0x08002620   0x0000000e   Code   RO          325    i.__scatterload_copy  mc_w.l(handlers.o)
    0x0800262e   0x00000002   Code   RO          326    i.__scatterload_null  mc_w.l(handlers.o)
    0x08002630   0x0000000e   Code   RO          327    i.__scatterload_zeroinit  mc_w.l(handlers.o)
    0x0800263e   0x00000002   PAD
    0x08002640   0x00000020   Data   RO          323    Region$$Table       anon$$obj.o


    Execution Region RW_IRAM1 (Base: 0x20000000, Size: 0x000004e8, Max: 0x00005000, ABSOLUTE)

    Base Addr    Size         Type   Attr      Idx    E Section Name        Object

    0x20000000   0x0000009d   Data   RW            3    .data               main.o
    0x2000009d   0x00000003   PAD
    0x200000a0   0x00000014   Data   RW          110    .data               system_stm32f10x.o
    0x200000b4   0x00000004   Data   RW          164    .data               delay.o
    0x200000b8   0x00000014   Data   RW          243    .data               stm32f10x_rcc.o
    0x200000cc   0x00000018   Zero   RW            2    .bss                main.o
    0x200000e4   0x00000004   PAD
    0x200000e8   0x00000400   Zero   RW          223    STACK               startup_stm32f10x_md.o


==============================================================================

Image component sizes


      Code (inc. data)   RO Data    RW Data    ZI Data      Debug   Object Name

         0          0          0          0          0         32   core_cm3.o
       212         18          0          4          0       1075   delay.o
        44          0          0          0          0        686   iwdg.o
        56          6          0          0          0        503   led.o
      1252        106          0        157         24     255010   main.o
       220         22          0          0          0       1841   misc.o
        36          8        236          0       1024        812   startup_stm32f10x_md.o
       860         38          0          0          0       5773   stm32f10x_gpio.o
        26          0          0          0          0       1202   stm32f10x_it.o
        64          6          0          0          0       1297   stm32f10x_iwdg.o
       932         36          0         20          0       8972   stm32f10x_rcc.o
      3610         88          0          0          0      22880   stm32f10x_tim.o
      1032         22          0          0          0       8500   stm32f10x_usart.o
        12          0          0          0          0        473   sys.o
       480         38          0         20          0       1803   system_stm32f10x.o
        96          6          0          0          0        680   timer.o
       532         20          0          0          0       3446   usart.o

    ----------------------------------------------------------------------
      9468        414        268        204       1052     314985   Object Totals
         0          0         32          0          0          0   (incl. Generated)
         4          0          0          3          4          0   (incl. Padding)

    ----------------------------------------------------------------------

      Code (inc. data)   RO Data    RW Data    ZI Data      Debug   Library Member Name

         0          0          0          0          0          0   entry.o
         0          0          0          0          0          0   entry10a.o
         0          0          0          0          0          0   entry11a.o
         8          4          0          0          0          0   entry2.o
         4          0          0          0          0          0   entry5.o
         0          0          0          0          0          0   entry7b.o
         0          0          0          0          0          0   entry8b.o
         8          4          0          0          0          0   entry9a.o
        30          0          0          0          0          0   handlers.o
        36          8          0          0          0         68   init.o

    ----------------------------------------------------------------------
        88         16          0          0          0         68   Library Totals
         2          0          0          0          0          0   (incl. Padding)

    ----------------------------------------------------------------------

      Code (inc. data)   RO Data    RW Data    ZI Data      Debug   Library Name

        86         16          0          0          0         68   mc_w.l

    ----------------------------------------------------------------------
        88         16          0          0          0         68   Library Totals

    ----------------------------------------------------------------------

==============================================================================


      Code (inc. data)   RO Data    RW Data    ZI Data      Debug   

      9556        430        268        204       1052     314009   Grand Totals
      9556        430        268        204       1052     314009   ELF Image Totals
      9556        430        268        204          0          0   ROM Totals

==============================================================================

    Total RO  Size (Code + RO Data)                 9824 (   9.59kB)
    Total RW  Size (RW Data + ZI Data)              1256 (   1.23kB)
    Total ROM Size (Code + RO Data + RW Data)      10028 (   9.79kB)

==============================================================================

